*INFO* 	v8.0.1	2023/03/09 - 07:50:25: Informer call failed result is: - of order scaascas
*INFO* 	v8.0.1	2023/03/09 - 07:50:25: Informer call done ready to send mail:[]
*INFO* 	v8.0.1	2023/03/09 - 07:51:17: Informer call failed result is: - of order YS-000556
*INFO* 	v8.0.1	2023/03/09 - 07:51:17: Informer call done ready to send mail:[]
*INFO* 	v8.0.1	2023/03/09 - 07:55:51: Informer call failed result is: - of order YS-000557
*INFO* 	v8.0.1	2023/03/09 - 07:55:51: Informer call done ready to send mail:[]
*INFO* 	v8.0.1	2023/03/09 - 07:56:40: Informer call failed result is: - of order YS-000558
*INFO* 	v8.0.1	2023/03/09 - 07:56:40: Informer call done ready to send mail:[]
*INFO* 	v8.0.1	2023/03/09 - 07:57:51: Informer call failed result is: - of order qfwq
*INFO* 	v8.0.1	2023/03/09 - 07:57:51: Informer call done ready to send mail:[]
*INFO* 	v8.0.1	2023/03/09 - 08:10:53: Informer call failed result is: - of order YS-000562
*INFO* 	v8.0.1	2023/03/09 - 08:10:53: Informer call done ready to send mail:[]
*INFO* 	v8.0.1	2023/03/09 - 08:11:30: Informer call failed result is: - of order YS-000563
*INFO* 	v8.0.1	2023/03/09 - 08:11:30: Informer call done ready to send mail:[]
*INFO* 	v8.0.1	2023/03/09 - 08:12:09: Informer call failed result is: - of order YS-000564
*INFO* 	v8.0.1	2023/03/09 - 08:12:09: Informer call done ready to send mail:[]
*INFO* 	v8.0.1	2023/03/09 - 08:13:16: Informer call failed result is: - of order YS-000565
*INFO* 	v8.0.1	2023/03/09 - 08:13:16: Informer call done ready to send mail:[]
*INFO* 	v8.0.1	2023/03/09 - 08:15:11: Informer call failed result is: - of order YS-000566
*INFO* 	v8.0.1	2023/03/09 - 08:15:11: Informer call done ready to send mail:[]
*INFO* 	v8.0.1	2023/03/09 - 08:16:52: Informer call failed result is: - of order YS-000567
*INFO* 	v8.0.1	2023/03/09 - 08:16:52: Informer call done ready to send mail:[]
*INFO* 	v8.0.1	2023/03/09 - 08:22:53: Informer call failed result is: - of order YS-000568
*INFO* 	v8.0.1	2023/03/09 - 08:22:53: Informer call done ready to send mail:[]
*INFO* 	v8.0.1	2023/03/09 - 08:40:12: Informer call failed result is: - of order YS-000569
*INFO* 	v8.0.1	2023/03/09 - 08:40:12: Informer call done ready to send mail:[]
*INFO* 	v8.0.1	2023/03/09 - 08:44:46: Informer call failed result is: - of order YS-000570
*INFO* 	v8.0.1	2023/03/09 - 08:44:46: Informer call done ready to send mail:[]
*INFO* 	v8.0.1	2023/03/09 - 08:46:14: Informer call failed result is: - of order YS-000571
*INFO* 	v8.0.1	2023/03/09 - 08:46:14: Informer call done ready to send mail:[]
*INFO* 	v8.0.1	2023/03/09 - 08:48:23: Informer call failed result is: - of order YS-000572
*INFO* 	v8.0.1	2023/03/09 - 08:48:23: Informer call done ready to send mail:[]
*INFO* 	v8.0.1	2023/03/09 - 08:51:19: Informer call failed result is: - of order YS-000573
*INFO* 	v8.0.1	2023/03/09 - 08:51:19: Informer call done ready to send mail:[]
*INFO* 	v8.0.1	2023/03/09 - 10:12:41: Informer call failed result is: - of order YS-000574
*INFO* 	v8.0.1	2023/03/09 - 10:12:41: Informer call done ready to send mail:[]
*INFO* 	v8.0.1	2023/03/09 - 10:14:59: Informer call failed result is: - of order YS-000575
*INFO* 	v8.0.1	2023/03/09 - 10:14:59: Informer call done ready to send mail:[]
*INFO* 	v8.0.1	2023/03/09 - 10:21:07: Informer call failed result is: - of order YS-000576
*INFO* 	v8.0.1	2023/03/09 - 10:21:07: Informer call done ready to send mail:[]
*INFO* 	v8.0.1	2023/03/09 - 11:05:42: Informer call failed result is: - of order YS-000577
*INFO* 	v8.0.1	2023/03/09 - 11:05:42: Informer call done ready to send mail:[]
*INFO* 	v8.0.1	2023/03/09 - 11:07:29: Informer call failed result is: - of order YS-000578
*INFO* 	v8.0.1	2023/03/09 - 11:07:29: Informer call done ready to send mail:[]
*INFO* 	v8.0.1	2023/03/09 - 11:15:57: Informer call failed result is: - of order dsdvdsvs
*INFO* 	v8.0.1	2023/03/09 - 11:15:57: Informer call done ready to send mail:[]
*INFO* 	v8.0.1	2023/03/13 - 07:59:02: Informer call failed result is: - of order wefewfweef
*INFO* 	v8.0.1	2023/03/13 - 07:59:02: Informer call done ready to send mail:[]
*INFO* 	v8.0.3	2023/04/13 - 12:16:31: Informer call failed result is: - of order test vanuit ijzershop8 local
*INFO* 	v8.0.3	2023/04/13 - 12:16:31: Informer call done ready to send mail:[]
*INFO* 	v8.0.3	2023/04/17 - 12:10:49: Informer call failed result is: - of order Test
*INFO* 	v8.0.3	2023/04/17 - 12:10:49: Informer call done ready to send mail:[]
*INFO* 	v8.0.4	2023/05/17 - 08:58:35: Informer call failed result is: - of order vdsvsdsd
*INFO* 	v8.0.4	2023/05/17 - 08:58:35: Informer call done ready to send mail:[]
*INFO* 	v8.0.4	2023/06/07 - 09:53:01: Informer call failed result is: - of order test project
*INFO* 	v8.0.4	2023/06/07 - 09:53:01: Informer call done ready to send mail:[]
*INFO* 	v8.1.5	2024/05/15 - 12:20:37: Informer call succeded result is:{"error":{"0000101":"Required field is empty: relation_id","0000208":"template_id is not valid"}}
*INFO* 	v8.1.5	2024/05/15 - 12:20:37: Informer call done ready to send mail:{"error":{"0000101":"Required field is empty: relation_id","0000208":"template_id is not valid"}}
*INFO* 	v8.1.5	2024/05/15 - 15:18:00: Informer call succeded result is:{"error":{"0000101":"Required field is empty: relation_id","0000208":"template_id is not valid"}}
*INFO* 	v8.1.5	2024/05/15 - 15:18:00: Informer call done ready to send mail:{"error":{"0000101":"Required field is empty: relation_id","0000208":"template_id is not valid"}}
*INFO* 	v8.1.5	2024/05/15 - 15:23:02: Informer call succeded result is:{"error":{"0000101":"Required field is empty: relation_id","0000208":"template_id is not valid"}}
*INFO* 	v8.1.5	2024/05/16 - 08:55:40: Informer call done ready to send mail:null
*INFO* 	v8.1.5	2024/05/16 - 08:59:24: Informer call done ready to send mail:null
*INFO* 	v8.1.5	2024/05/16 - 09:45:13: Informer call done ready to send mail:null
*INFO* 	v8.1.5	2024/05/16 - 09:48:28: Informer call done ready to send mail:null
*INFO* 	v8.1.5	2024/05/16 - 09:52:01: Informer call done ready to send mail:null
*INFO* 	v8.1.5	2024/05/16 - 10:07:40: Informer call done ready to send mail:null
*INFO* 	v8.1.5	2024/05/16 - 10:10:09: Informer call done ready to send mail:null
*INFO* 	v8.1.5	2024/05/16 - 11:01:00: Informer call done ready to send mail:null
*INFO* 	v8.1.5	2024/05/16 - 11:05:15: Informer call done ready to send mail:null
*INFO* 	v8.1.5	2024/05/16 - 11:26:41: Informer call done ready to send mail:null
*INFO* 	v8.1.5	2024/05/16 - 11:35:57: Informer call done ready to send mail:null
*INFO* 	v8.1.5	2024/05/17 - 08:29:25: Informer call done ready to send mail:null
*INFO* 	v8.1.5	2024/05/17 - 10:57:54: Informer call done ready to send mail:null
*INFO* 	v8.1.5	2024/05/17 - 11:01:51: Informer call done ready to send mail:null
*INFO* 	v8.1.7	2024/10/02 - 10:22:39: Informer call succeded result is:{"error":{"0000101":"Required field is empty: relation_id","0000208":"template_id is not valid"}}
*INFO* 	v8.2.0	2024/10/22 - 10:05:25: Informer call succeded result is:{"error":{"0000208":"template_id is not valid"}}
*INFO* 	v8.2.0	2024/10/22 - 10:05:25: Informer call done ready to send mail:{"error":{"0000208":"template_id is not valid"}}
*INFO* 	v8.2.0	2024/11/13 - 11:51:59: Informer call failed result is: - of order YS-000021
*INFO* 	v8.2.0	2024/11/13 - 12:28:17: Informer call failed result is: - of order YS-000022
*INFO* 	v8.2.0	2024/11/13 - 13:09:05: Informer call done ready to send mail:null
