<?php return array (
  0 => 'Symfony\\Bundle\\FrameworkBundle\\Controller\\AbstractController',
  1 => 'App\\Resources\\UpdateDataFromLive\\Controller\\CopyDataFromLivePrestashop',
  2 => 'App\\Resources\\UpdateDataFromLive\\Controller\\DataCopyController',
  3 => 'Modernesmid\\Module\\Pricemodifier\\Controller\\Admin\\Classes\\ConvertUploadedFile',
  4 => 'Modernesmid\\Module\\Pricemodifier\\Controller\\Admin\\PriceModificationsAjaxController',
  5 => 'Modernesmid\\Module\\Pricemodifier\\Controller\\Admin\\PriceModificationsController',
  6 => 'Modernesmid\\Module\\Pricemodifier\\Entity\\PriceListUpload',
  7 => 'Modernesmid\\Module\\Pricemodifier\\Entity\\PriceModification',
  8 => 'PrestaShop\\Module\\PsAccounts\\Api\\Controller\\AbstractRestController',
  9 => 'PrestaShop\\Module\\PsAccounts\\Api\\Controller\\AbstractShopRestController',
  10 => 'PrestaShop\\Module\\PsAccounts\\Api\\Controller\\Request\\Request',
  11 => 'PrestaShop\\Module\\PsAccounts\\Api\\Controller\\Request\\ShopHealthCheckRequest',
  12 => 'PrestaShop\\Module\\PsAccounts\\Api\\Controller\\Request\\UpdateShopLinkAccountRequest',
  13 => 'PrestaShop\\Module\\PsAccounts\\Api\\Controller\\Request\\UpdateShopOauth2ClientRequest',
  14 => 'PrestaShop\\Module\\PsAccounts\\Api\\Controller\\RestMethod',
  15 => 'PrestaShop\\Module\\PsAccounts\\Entity\\EmployeeAccount',
  16 => 'PrestaShop\\Module\\PsAccounts\\Polyfill\\Traits\\Controller\\AjaxRender',
);